 Using R 4.2.2 (lockfile was generated with R 4.3.1)
- Project '~/TEST-projects-1' loaded. [renv 1.0.3]
- One or more packages recorded in the lockfile are not installed.
- Use `renv::status()` for more details.
Warning message:
"~/.Rprofile" is missing a trailing newline 
> dir.create('R_output/dataset', showWarnings = TRUE, recursive = T)
> 
> setwd('telemBC')
> 
> # run this section only the first time.
> dir.create('R_output/dataset', showWarnings = TRUE, recursive = T)
> dir.create('R_output/images', showWarnings = TRUE, recursive = T)
Warning message:
In dir.create("R_output/images", showWarnings = TRUE, recursive = T) :
  'R_output\images' already exists
> dir.create('R_output/Rmarkdown', showWarnings = TRUE, recursive = T)
Warning message:
In dir.create("R_output/Rmarkdown", showWarnings = TRUE, recursive = T) :
  'R_output\Rmarkdown' already exists
> dir.create('R_output/spatial', showWarnings = TRUE, recursive = T)
Warning message:
In dir.create("R_output/spatial", showWarnings = TRUE, recursive = T) :
  'R_output\spatial' already exists
>  
> 
> 
> # ================================================
> # check for packages and Install missing ones
> # ================================================
> library(shaRe) # get it from devtools::install_github('filippo-ferrario/shaRe', ref='HEAD')
Error in library(shaRe) : there is no package called ‘shaRe’
> 
> checkNinst(c('tidyverse',
+ 'foreach',
+ 'doParallel',
+ 'ezknitr'), inst=F)
Error in checkNinst(c("tidyverse", "foreach", "doParallel", "ezknitr"),  : 
  could not find function "checkNinst"
> 
> 
> # ======================
> # load packages
> # ======================
> library(tidyverse)
Error in library(tidyverse) : there is no package called ‘tidyverse’
> library(foreach)
Error in library(foreach) : there is no package called ‘foreach’
> library(doParallel)


 renv::restore()
The following package(s) will be updated:

# CRAN -----------------------------------------------------------------------
- codetools       [0.2-18 -> 0.2-19]
- lattice         [0.20-45 -> 0.21-8]
- MASS            [7.3-58.1 -> 7.3-60]
- Matrix          [1.5-1 -> 1.6-4]
- mgcv            [1.8-41 -> 1.8-42]
- nlme            [3.1-160 -> 3.1-162]
- askpass         [* -> 1.2.0]
- backports       [* -> 1.4.1]
- base64enc       [* -> 0.1-3]
- bit             [* -> 4.0.5]
- bit64           [* -> 4.0.5]
- blob            [* -> 1.2.4]
- broom           [* -> 1.0.5]
- bslib           [* -> 0.6.1]
- cachem          [* -> 1.0.8]
- callr           [* -> 3.7.3]
- cellranger      [* -> 1.1.0]
- cli             [* -> 3.6.1]
- clipr           [* -> 0.8.0]
- colorspace      [* -> 2.1-0]
- commonmark      [* -> 1.9.0]
- conflicted      [* -> 1.2.0]
- cpp11           [* -> 0.4.6]
- crayon          [* -> 1.5.2]
